2026-09-26 22:28:05 INFO  library.Init - ***********LAUNCHING EDGE BROWSER***********
2026-09-26 22:28:08 INFO  library.Init - ***********OPENING URL***********
2026-09-26 22:28:14 INFO  tests.LoginTest - ****Initiating loginSuccessTest********
2026-09-26 22:28:14 INFO  tests.LoginTest - ****Entering Valid Username********
2026-09-26 22:28:15 INFO  tests.LoginTest - ****Entering Valid Password********
2026-09-26 22:28:15 INFO  tests.LoginTest - ****Clicking on Login Button********
2026-09-26 22:28:17 INFO  tests.LoginTest - *****Verifying Dashboard********
2026-09-26 22:28:17 INFO  tests.LoginTest - ****Initiating logoutSuccessTest********
2026-09-26 22:28:17 INFO  tests.LoginTest - ****Clicking on UserName********
2026-09-26 22:28:17 INFO  tests.LoginTest - ****Clicking on LogOut Button********
2026-09-26 22:28:19 INFO  tests.LoginTest - *******Initiating loginFailedTest********
2026-09-26 22:28:19 INFO  tests.LoginTest - *******Entering Invalid Username********
2026-09-26 22:28:19 INFO  tests.LoginTest - ****Entering Invalid Password********
2026-09-26 22:28:20 INFO  tests.LoginTest - ****Clicking on Login Button********
2026-09-26 22:28:21 INFO  tests.LoginTest - ****Verifying Error Message********
2026-09-26 22:30:23 INFO  library.Init - ***********LAUNCHING EDGE BROWSER***********
2026-09-26 22:30:26 INFO  library.Init - ***********OPENING URL***********
2026-09-26 22:30:31 INFO  tests.LoginTest - ****Initiating loginSuccessTest********
2026-09-26 22:30:31 INFO  tests.LoginTest - ****Entering Valid Username********
2026-09-26 22:30:32 INFO  tests.LoginTest - ****Entering Valid Password********
2026-09-26 22:30:32 INFO  tests.LoginTest - ****Clicking on Login Button********
2026-09-26 22:30:40 INFO  tests.LoginTest - ****Initiating logoutSuccessTest********
2026-09-26 22:30:40 INFO  tests.LoginTest - ****Clicking on UserName********
2026-09-26 22:30:40 INFO  tests.LoginTest - *******Initiating loginFailedTest********
2026-09-26 22:30:40 INFO  tests.LoginTest - *******Entering Invalid Username********
2026-09-26 22:33:45 INFO  library.Init - ***********LAUNCHING EDGE BROWSER***********
2026-09-26 22:33:48 INFO  library.Init - ***********OPENING URL***********
2026-09-26 22:34:01 INFO  tests.LoginTest - ****Initiating loginSuccessTest********
2026-09-26 22:34:01 INFO  tests.LoginTest - ****Entering Valid Username********
2026-09-26 22:34:02 INFO  tests.LoginTest - ****Entering Valid Password********
2026-09-26 22:34:02 INFO  tests.LoginTest - ****Clicking on Login Button********
2026-09-26 22:34:24 ERROR tests.LoginTest - LoginSuccessTest FAILED: Expected condition failed: waiting for presence of element found by By.xpath: //h6[normalize-space()='Dashboard']
2026-09-26 22:34:24 INFO  tests.LoginTest - ****Initiating logoutSuccessTest********
2026-09-26 22:34:24 INFO  tests.LoginTest - ****Clicking on UserName********
2026-09-26 22:34:24 ERROR tests.LoginTest - LogoutTest FAILED: Cannot invoke "pages.HomePage.loggedInUser()" because "this.home" is null
2026-09-26 22:34:24 INFO  tests.LoginTest - *******Initiating loginFailedTest********
2026-09-26 22:34:24 INFO  tests.LoginTest - *******Entering Invalid Username********
2026-09-26 22:34:24 INFO  tests.LoginTest - ****Entering Invalid Password********
2026-09-26 22:34:24 INFO  tests.LoginTest - ****Clicking on Login Button********
2026-09-26 22:34:24 INFO  tests.LoginTest - ****Verifying Error Message********
2026-09-26 22:34:26 INFO  tests.LoginTest - LoginFailedTest pass
2026-09-26 22:35:09 INFO  library.Init - ***********LAUNCHING EDGE BROWSER***********
2026-09-26 22:35:12 INFO  library.Init - ***********OPENING URL***********
2026-09-26 22:35:22 INFO  tests.LoginTest - ****Initiating loginSuccessTest********
2026-09-26 22:35:22 INFO  tests.LoginTest - ****Entering Valid Username********
2026-09-26 22:35:22 INFO  tests.LoginTest - ****Entering Valid Password********
2026-09-26 22:35:23 INFO  tests.LoginTest - ****Clicking on Login Button********
2026-09-26 22:35:46 ERROR tests.LoginTest - LoginSuccessTest FAILED: Expected condition failed: waiting for presence of element found by By.xpath: //h6[normalize-space()='Dashboard']
2026-09-26 22:35:46 INFO  tests.LoginTest - ****Initiating logoutSuccessTest********
2026-09-26 22:35:46 INFO  tests.LoginTest - ****Clicking on UserName********
2026-09-26 22:35:46 ERROR tests.LoginTest - LogoutTest FAILED: Cannot invoke "pages.HomePage.loggedInUser()" because "this.home" is null
2026-09-26 22:35:46 INFO  tests.LoginTest - *******Initiating loginFailedTest********
2026-09-26 22:35:46 INFO  tests.LoginTest - *******Entering Invalid Username********
2026-09-26 22:35:46 INFO  tests.LoginTest - ****Entering Invalid Password********
2026-09-26 22:35:46 INFO  tests.LoginTest - ****Clicking on Login Button********
2026-09-26 22:35:47 INFO  tests.LoginTest - ****Verifying Error Message********
2026-09-26 22:35:48 INFO  tests.LoginTest - LoginFailedTest pass
2026-09-26 22:36:04 INFO  library.Init - ***********LAUNCHING EDGE BROWSER***********
2026-09-26 22:36:06 INFO  library.Init - ***********OPENING URL***********
2026-09-26 22:36:12 INFO  tests.LoginTest - ****Initiating loginSuccessTest********
2026-09-26 22:36:12 INFO  tests.LoginTest - ****Entering Valid Username********
2026-09-26 22:36:13 INFO  tests.LoginTest - ****Entering Valid Password********
2026-09-26 22:36:13 INFO  tests.LoginTest - ****Clicking on Login Button********
2026-09-26 22:36:35 ERROR tests.LoginTest - LoginSuccessTest FAILED: Expected condition failed: waiting for presence of element found by By.xpath: //h6[normalize-space()='Dashboard']
2026-09-26 22:36:35 INFO  tests.LoginTest - ****Initiating logoutSuccessTest********
2026-09-26 22:36:35 INFO  tests.LoginTest - ****Clicking on UserName********
2026-09-26 22:36:35 ERROR tests.LoginTest - LogoutTest FAILED: Cannot invoke "pages.HomePage.loggedInUser()" because "this.home" is null
2026-09-26 22:36:35 INFO  tests.LoginTest - *******Initiating loginFailedTest********
2026-09-26 22:36:35 INFO  tests.LoginTest - *******Entering Invalid Username********
2026-09-26 22:36:35 INFO  tests.LoginTest - ****Entering Invalid Password********
2026-09-26 22:36:35 INFO  tests.LoginTest - ****Clicking on Login Button********
2026-09-26 22:36:35 INFO  tests.LoginTest - ****Verifying Error Message********
2026-09-26 22:36:37 INFO  tests.LoginTest - LoginFailedTest pass
2026-09-26 22:36:51 INFO  library.Init - ***********LAUNCHING EDGE BROWSER***********
2026-09-26 22:36:54 INFO  library.Init - ***********OPENING URL***********
2026-09-26 22:37:01 INFO  tests.LoginTest - ****Initiating loginSuccessTest********
2026-09-26 22:37:01 INFO  tests.LoginTest - ****Entering Valid Username********
2026-09-26 22:37:02 INFO  tests.LoginTest - ****Entering Valid Password********
2026-09-26 22:37:02 INFO  tests.LoginTest - ****Clicking on Login Button********
2026-09-26 22:37:24 ERROR tests.LoginTest - LoginSuccessTest FAILED: Expected condition failed: waiting for presence of element found by By.xpath: //h6[normalize-space()='Dashboard']
2026-09-26 22:37:24 INFO  tests.LoginTest - ****Initiating logoutSuccessTest********
2026-09-26 22:37:24 INFO  tests.LoginTest - ****Clicking on UserName********
2026-09-26 22:37:24 ERROR tests.LoginTest - LogoutTest FAILED: Cannot invoke "pages.HomePage.loggedInUser()" because "this.home" is null
2026-09-26 22:37:24 INFO  tests.LoginTest - *******Initiating loginFailedTest********
2026-09-26 22:37:24 INFO  tests.LoginTest - *******Entering Invalid Username********
2026-09-26 22:37:24 INFO  tests.LoginTest - ****Entering Invalid Password********
2026-09-26 22:37:25 INFO  tests.LoginTest - ****Clicking on Login Button********
2026-09-26 22:37:25 INFO  tests.LoginTest - ****Verifying Error Message********
2026-09-26 22:37:26 INFO  tests.LoginTest - LoginFailedTest pass
